// Jest Snapshot v1, https://goo.gl/fbAQLP

exports[`renders the  component 1`] = `ShallowWrapper {}`;

exports[`renders the App component 1`] = `ShallowWrapper {}`;

exports[`renders the Button component 1`] = `ShallowWrapper {}`;
