// Jest Snapshot v1, https://goo.gl/fbAQLP

exports[`renders the App component 1`] = `ShallowWrapper {}`;

exports[`renders the Header component 1`] = `ShallowWrapper {}`;
